#
# There is insufficient memory for the Java Runtime Environment to continue.
# Native memory allocation (mmap) failed to map 255852544 bytes for G1 virtual space
# Possible reasons:
#   The system is out of physical RAM or swap space
#   The process is running with CompressedOops enabled, and the Java Heap may be blocking the growth of the native heap
# Possible solutions:
#   Reduce memory load on the system
#   Increase physical memory or swap space
#   Check if swap backing store is full
#   Decrease Java heap size (-Xmx/-Xms)
#   Decrease number of Java threads
#   Decrease Java thread stack sizes (-Xss)
#   Set larger code cache with -XX:ReservedCodeCacheSize=
#   JVM is running with Zero Based Compressed Oops mode in which the Java heap is
#     placed in the first 32GB address space. The Java Heap base address is the
#     maximum limit for the native heap growth. Please use -XX:HeapBaseMinAddress
#     to set the Java Heap base and to place the Java Heap above 32GB virtual address.
# This output file may be truncated or incomplete.
#
#  Out of Memory Error (os_windows.cpp:3552), pid=4548, tid=31396
#
# JRE version:  (17.0.9+11) (build )
# Java VM: Java HotSpot(TM) 64-Bit Server VM (17.0.9+11-LTS-201, mixed mode, emulated-client, sharing, tiered, compressed oops, compressed class ptrs, g1 gc, windows-amd64)
# No core dump will be written. Minidumps are not enabled by default on client versions of Windows
#

---------------  S U M M A R Y ------------

Command Line: -XX:TieredStopAtLevel=1 -Dspring.output.ansi.enabled=always -Dcom.sun.management.jmxremote -Dspring.jmx.enabled=true -Dspring.liveBeansView.mbeanDomain -Dspring.application.admin.enabled=true -Dmanagement.endpoints.jmx.exposure.include=* -javaagent:D:\桌面\IntelliJ IDEA 2023.3.1\lib\idea_rt.jar=56709:D:\桌面\IntelliJ IDEA 2023.3.1\bin -Dfile.encoding=UTF-8 com.example.react.Application

Host: AMD Ryzen 7 6800H with Radeon Graphics         , 16 cores, 15G,  Windows 11 , 64 bit Build 26100 (10.0.26100.8328)
Time: Fri Jun  5 15:45:11 2026  Windows 11 , 64 bit Build 26100 (10.0.26100.8328) elapsed time: 1.102095 seconds (0d 0h 0m 1s)

---------------  T H R E A D  ---------------

Current thread (0x000001edba63b3d0):  JavaThread "Unknown thread" [_thread_in_vm, id=31396, stack(0x0000009102f00000,0x0000009103000000)]

Stack: [0x0000009102f00000,0x0000009103000000]
Native frames: (J=compiled Java code, j=interpreted, Vv=VM code, C=native code)
V  [jvm.dll+0x678a4a]
V  [jvm.dll+0x7d9cfd]
V  [jvm.dll+0x7db60e]
V  [jvm.dll+0x7dbc73]
V  [jvm.dll+0x245e1f]
V  [jvm.dll+0x6758f9]
V  [jvm.dll+0x66a2a2]
V  [jvm.dll+0x303686]
V  [jvm.dll+0x30ac06]
V  [jvm.dll+0x35a48e]
V  [jvm.dll+0x35a6bf]
V  [jvm.dll+0x2da678]
V  [jvm.dll+0x2db5e4]
V  [jvm.dll+0x7ab6b1]
V  [jvm.dll+0x368041]
V  [jvm.dll+0x78a749]
V  [jvm.dll+0x3ebd4f]
V  [jvm.dll+0x3ed7d1]
C  [jli.dll+0x5297]
C  [ucrtbase.dll+0x37b0]
C  [KERNEL32.DLL+0x2e957]
C  [ntdll.dll+0x427c]


---------------  P R O C E S S  ---------------

Threads class SMR info:
_java_thread_list=0x00007fffdae489d8, length=0, elements={
}

Java Threads: ( => current thread )

Other Threads:
  0x000001edba6a9310 GCTaskThread "GC Thread#0" [stack: 0x0000009103000000,0x0000009103100000] [id=30968]
  0x000001edba6ba140 ConcurrentGCThread "G1 Main Marker" [stack: 0x0000009103100000,0x0000009103200000] [id=11624]
  0x000001edba6baa50 ConcurrentGCThread "G1 Conc#0" [stack: 0x0000009103200000,0x0000009103300000] [id=31680]

[error occurred during error reporting (printing all threads), id 0xc0000005, EXCEPTION_ACCESS_VIOLATION (0xc0000005) at pc=0x00007fffda67b2d7]

VM state: not at safepoint (not fully initialized)

VM Mutex/Monitor currently owned by a thread:  ([mutex/lock_event])
[0x000001edba63a190] Heap_lock - owner thread: 0x000001edba63b3d0

Heap address: 0x000000070ce00000, size: 3890 MB, Compressed Oops mode: Zero based, Oop shift amount: 3

CDS archive(s) mapped at: [0x0000000000000000-0x0000000000000000-0x0000000000000000), size 0, SharedBaseAddress: 0x0000000800000000, ArchiveRelocationMode: 1.
Narrow klass base: 0x0000000000000000, Narrow klass shift: 0, Narrow klass range: 0x0

GC Precious Log:
<Empty>

Heap:
 garbage-first heap   total 0K, used 0K [0x000000070ce00000, 0x0000000800000000)
  region size 2048K, 0 young (0K), 0 survivors (0K)

[error occurred during error reporting (printing heap information), id 0xc0000005, EXCEPTION_ACCESS_VIOLATION (0xc0000005) at pc=0x00007fffdaa62229]

GC Heap History (0 events):
No events

Deoptimization events (0 events):
No events

Classes unloaded (0 events):
No events

Classes redefined (0 events):
No events

Internal exceptions (0 events):
No events

VM Operations (0 events):
No events

Events (1 events):
Event: 0.015 Loaded shared library C:\Program Files\Java\jdk-17\bin\java.dll


Dynamic libraries:
0x00007ff731da0000 - 0x00007ff731db0000 	C:\Program Files\Java\jdk-17\bin\java.exe
0x00007ff892540000 - 0x00007ff8927a7000 	C:\WINDOWS\SYSTEM32\ntdll.dll
0x00007ff891ee0000 - 0x00007ff891fa9000 	C:\WINDOWS\System32\KERNEL32.DLL
0x00007ff88ef70000 - 0x00007ff88f367000 	C:\WINDOWS\System32\KERNELBASE.dll
0x00007ff88f560000 - 0x00007ff88f6ab000 	C:\WINDOWS\System32\ucrtbase.dll
0x00007ff87d070000 - 0x00007ff87d089000 	C:\Program Files\Java\jdk-17\bin\jli.dll
0x00007ff87cfe0000 - 0x00007ff87cffb000 	C:\Program Files\Java\jdk-17\bin\VCRUNTIME140.dll
0x00007ff892280000 - 0x00007ff892336000 	C:\WINDOWS\System32\ADVAPI32.dll
0x00007ff8917f0000 - 0x00007ff891899000 	C:\WINDOWS\System32\msvcrt.dll
0x00007ff891650000 - 0x00007ff8916f7000 	C:\WINDOWS\System32\sechost.dll
0x00007ff891920000 - 0x00007ff891a38000 	C:\WINDOWS\System32\RPCRT4.dll
0x00007ff8920b0000 - 0x00007ff892276000 	C:\WINDOWS\System32\USER32.dll
0x00007ff88f530000 - 0x00007ff88f557000 	C:\WINDOWS\System32\win32u.dll
0x00007ff8917a0000 - 0x00007ff8917cb000 	C:\WINDOWS\System32\GDI32.dll
0x00007ff875f80000 - 0x00007ff876212000 	C:\WINDOWS\WinSxS\amd64_microsoft.windows.common-controls_6595b64144ccf1df_6.0.26100.8457_none_3e0b2faee331e92d\COMCTL32.dll
0x00007ff88f370000 - 0x00007ff88f49c000 	C:\WINDOWS\System32\gdi32full.dll
0x00007ff88f6b0000 - 0x00007ff88f753000 	C:\WINDOWS\System32\msvcp_win.dll
0x00007ff887270000 - 0x00007ff88727b000 	C:\WINDOWS\SYSTEM32\VERSION.dll
0x00007ff891610000 - 0x00007ff891642000 	C:\WINDOWS\System32\IMM32.DLL
0x00007ff87d060000 - 0x00007ff87d06c000 	C:\Program Files\Java\jdk-17\bin\vcruntime140_1.dll
0x00007ff83ef40000 - 0x00007ff83efce000 	C:\Program Files\Java\jdk-17\bin\msvcp140.dll
0x00007fffda390000 - 0x00007fffdaf71000 	C:\Program Files\Java\jdk-17\bin\server\jvm.dll
0x00007ff891700000 - 0x00007ff891708000 	C:\WINDOWS\System32\PSAPI.DLL
0x00007ff888f70000 - 0x00007ff888f7a000 	C:\WINDOWS\SYSTEM32\WSOCK32.dll
0x00007ff88bf20000 - 0x00007ff88bf56000 	C:\WINDOWS\SYSTEM32\WINMM.dll
0x00007ff891710000 - 0x00007ff891790000 	C:\WINDOWS\System32\WS2_32.dll
0x00007ff88dce0000 - 0x00007ff88dcfb000 	C:\WINDOWS\SYSTEM32\kernel.appcore.dll
0x00007ff87cfd0000 - 0x00007ff87cfda000 	C:\Program Files\Java\jdk-17\bin\jimage.dll
0x00007ff88cdb0000 - 0x00007ff88cff2000 	C:\WINDOWS\SYSTEM32\DBGHELP.DLL
0x00007ff891280000 - 0x00007ff891603000 	C:\WINDOWS\System32\combase.dll
0x00007ff891bf0000 - 0x00007ff891cc9000 	C:\WINDOWS\System32\OLEAUT32.dll
0x00007ff88bee0000 - 0x00007ff88bf1b000 	C:\WINDOWS\SYSTEM32\dbgcore.DLL
0x00007ff88f9a0000 - 0x00007ff88fa48000 	C:\WINDOWS\System32\bcryptPrimitives.dll
0x00007ff871d50000 - 0x00007ff871d5e000 	C:\Program Files\Java\jdk-17\bin\instrument.dll
0x00007ff877520000 - 0x00007ff877545000 	C:\Program Files\Java\jdk-17\bin\java.dll

dbghelp: loaded successfully - version: 4.0.5 - missing functions: none
symbol engine: initialized successfully - sym options: 0x614 - pdb path: .;C:\Program Files\Java\jdk-17\bin;C:\WINDOWS\SYSTEM32;C:\WINDOWS\WinSxS\amd64_microsoft.windows.common-controls_6595b64144ccf1df_6.0.26100.8457_none_3e0b2faee331e92d;C:\Program Files\Java\jdk-17\bin\server

VM Arguments:
jvm_args: -XX:TieredStopAtLevel=1 -Dspring.output.ansi.enabled=always -Dcom.sun.management.jmxremote -Dspring.jmx.enabled=true -Dspring.liveBeansView.mbeanDomain -Dspring.application.admin.enabled=true -Dmanagement.endpoints.jmx.exposure.include=* -javaagent:D:\桌面\IntelliJ IDEA 2023.3.1\lib\idea_rt.jar=56709:D:\桌面\IntelliJ IDEA 2023.3.1\bin -Dfile.encoding=UTF-8 
java_command: com.example.react.Application
java_class_path (initial): C:\Users\31336\IdeaProjects\react\target\classes;C:\Users\31336\mysoft\apache-maven-3.9.11\repository\org\springframework\boot\spring-boot-starter-web\2.7.15\spring-boot-starter-web-2.7.15.jar;C:\Users\31336\mysoft\apache-maven-3.9.11\repository\org\springframework\boot\spring-boot-starter\2.7.15\spring-boot-starter-2.7.15.jar;C:\Users\31336\mysoft\apache-maven-3.9.11\repository\org\springframework\boot\spring-boot\2.7.15\spring-boot-2.7.15.jar;C:\Users\31336\mysoft\apache-maven-3.9.11\repository\org\springframework\boot\spring-boot-starter-logging\2.7.15\spring-boot-starter-logging-2.7.15.jar;C:\Users\31336\mysoft\apache-maven-3.9.11\repository\ch\qos\logback\logback-classic\1.2.12\logback-classic-1.2.12.jar;C:\Users\31336\mysoft\apache-maven-3.9.11\repository\ch\qos\logback\logback-core\1.2.12\logback-core-1.2.12.jar;C:\Users\31336\mysoft\apache-maven-3.9.11\repository\org\apache\logging\log4j\log4j-to-slf4j\2.17.2\log4j-to-slf4j-2.17.2.jar;C:\Users\31336\mysoft\apache-maven-3.9.11\repository\org\apache\logging\log4j\log4j-api\2.17.2\log4j-api-2.17.2.jar;C:\Users\31336\mysoft\apache-maven-3.9.11\repository\org\slf4j\jul-to-slf4j\1.7.36\jul-to-slf4j-1.7.36.jar;C:\Users\31336\mysoft\apache-maven-3.9.11\repository\jakarta\annotation\jakarta.annotation-api\1.3.5\jakarta.annotation-api-1.3.5.jar;C:\Users\31336\mysoft\apache-maven-3.9.11\repository\org\springframework\spring-core\5.3.29\spring-core-5.3.29.jar;C:\Users\31336\mysoft\apache-maven-3.9.11\repository\org\springframework\spring-jcl\5.3.29\spring-jcl-5.3.29.jar;C:\Users\31336\mysoft\apache-maven-3.9.11\repository\org\yaml\snakeyaml\1.30\snakeyaml-1.30.jar;C:\Users\31336\mysoft\apache-maven-3.9.11\repository\org\springframework\boot\spring-boot-starter-json\2.7.15\spring-boot-starter-json-2.7.15.jar;C:\Users\31336\mysoft\apache-maven-3.9.11\repository\com\fasterxml\jackson\datatype\jackson-datatype-jdk8\2.13.5\jackson-datatype-jdk8-2.13.5.jar;C:\Users\31336\mysoft\apache-maven-3.9.11
Launcher Type: SUN_STANDARD

[Global flags]
     intx CICompilerCount                          = 12                                        {product} {ergonomic}
     uint ConcGCThreads                            = 3                                         {product} {ergonomic}
     uint G1ConcRefinementThreads                  = 13                                        {product} {ergonomic}
   size_t G1HeapRegionSize                         = 2097152                                   {product} {ergonomic}
    uintx GCDrainStackTargetSize                   = 64                                        {product} {ergonomic}
   size_t InitialHeapSize                          = 255852544                                 {product} {ergonomic}
     bool ManagementServer                         = true                                      {product} {command line}
   size_t MarkStackSize                            = 4194304                                   {product} {ergonomic}
   size_t MaxHeapSize                              = 4078960640                                {product} {ergonomic}
   size_t MinHeapDeltaBytes                        = 2097152                                   {product} {ergonomic}
   size_t MinHeapSize                              = 8388608                                   {product} {ergonomic}
    uintx NonProfiledCodeHeapSize                  = 0                                      {pd product} {ergonomic}
     bool ProfileInterpreter                       = false                                  {pd product} {command line}
    uintx ProfiledCodeHeapSize                     = 0                                      {pd product} {ergonomic}
   size_t SoftMaxHeapSize                          = 4078960640                             {manageable} {ergonomic}
     intx TieredStopAtLevel                        = 1                                         {product} {command line}
     bool UseCompressedClassPointers               = true                           {product lp64_product} {ergonomic}
     bool UseCompressedOops                        = true                           {product lp64_product} {ergonomic}
     bool UseG1GC                                  = true                                      {product} {ergonomic}
     bool UseLargePagesIndividualAllocation        = false                                  {pd product} {ergonomic}

Logging:
Log output configuration:
 #0: stdout all=warning uptime,level,tags
 #1: stderr all=off uptime,level,tags

Environment Variables:
JAVA_HOME=C:\Program Files\Java\jdk-17\
PATH=C:\Program Files\Common Files\Oracle\Java\javapath;C:\Program Files (x86)\Common Files\Oracle\Java\javapath;C:\WINDOWS\system32;C:\WINDOWS;C:\WINDOWS\System32\Wbem;C:\WINDOWS\System32\WindowsPowerShell\v1.0\;C:\WINDOWS\System32\OpenSSH\;C:\Program Files\MySQL\MySQL Server 5.7\bin;%C:\Program Files\Java\jdk-17\bin;C:\Users\31336\mysoft\apache-maven-3.9.11\bin;C:\Program Files\Java\jdk-17\\bin;D:\rational\common;C:\Users\31336\nvm;C:\nvm4w\nodejs;C:\Program Files\Git\cmd;D:\vscodelianxi\jsjtx\mingw64\bin;C:\Program Files\MySQL\MySQL Server 8.0\bin;;C:\Program Files\Docker\Docker\resources\bin;c:\Users\31336\AppData\Local\Programs\Trae CN\bin;C:\Users\31336\AppData\Local\Microsoft\WindowsApps;C:\Users\31336\AppData\Local\Programs\Microsoft VS Code\bin;D:\PyCharm 2025.1\bin;;C:\Users\31336\nvm;C:\nvm4w\nodejs;C:\Users\31336\mysoft\apache-maven-3.9.11\bin;
USERNAME=31336
OS=Windows_NT
PROCESSOR_IDENTIFIER=AMD64 Family 25 Model 68 Stepping 1, AuthenticAMD



---------------  S Y S T E M  ---------------

OS:
 Windows 11 , 64 bit Build 26100 (10.0.26100.8328)
OS uptime: 0 days 5:26 hours
Hyper-V role detected

CPU: total 16 (initial active 16) (16 cores per cpu, 2 threads per core) family 25 model 68 stepping 1 microcode 0xa404101, cx8, cmov, fxsr, ht, mmx, 3dnowpref, sse, sse2, sse3, ssse3, sse4a, sse4.1, sse4.2, popcnt, lzcnt, tsc, tscinvbit, avx, avx2, aes, clmul, bmi1, bmi2, adx, sha, fma, vzeroupper, clflush, clflushopt, hv

Memory: 4k page, system-wide physical 15556M (970M free)
TotalPageFile size 34306M (AvailPageFile size 107M)
current process WorkingSet (physical memory assigned to process): 13M, peak: 13M
current process commit charge ("private bytes"): 66M, peak: 309M

vm_info: Java HotSpot(TM) 64-Bit Server VM (17.0.9+11-LTS-201) for windows-amd64 JRE (17.0.9+11-LTS-201), built on Oct 10 2023 23:16:06 by "mach5one" with MS VC++ 17.1 (VS2022)

END.
